C51 COMPILER V9.00   MAIN                                                                  04/15/2022 10:21:44 PAGE 1   


C51 COMPILER V9.00, COMPILATION OF MODULE MAIN
OBJECT MODULE PLACED IN main.OBJ
COMPILER INVOKED BY: C:\Keil\C51\BIN\C51.EXE main.c LARGE BROWSE DEBUG OBJECTEXTEND

line level    source

   1          #include<STC15F2K60S2.h>
   2          #include"ds1302.h"
   3          #include"adda.h"
   4          #define uchar unsigned char
   5          #include"ds18b20.c"
   6          #include"ds1302.c"
   7          #include"adda.c"
   8          #include"key.c"
   9          #include"NE555.c"
  10          uchar seven_seg[]={0xc0,0xf9,0xa4,0xb0,0x99,0x92,0x82,0xf8,0x80,0x90};
  11          uchar flash,cp,t,t_dot,sr,dac,ns;
  12          void timer0_init()
  13          {
  14   1              TMOD=0x01;
  15   1              TH0=(65536-2000)/256;
  16   1              TL0=(65536-2000)%256;
  17   1              EA=1;                     //中断总开关
  18   1              TR0=1;                    //定时器t0开关
  19   1              ET0=1;                    //定时器t0中断允许位开关
  20   1              
  21   1      }
  22          void timer0_isr()interrupt 1
  23          {
  24   1              TH0=(65536-5000)/256;
  25   1              TL0=(65536-5000)%256;
  26   1              cp++;
  27   1              if(cp>=100)
  28   1              {
  29   2                      flash=~flash;           
  30   2                      t=ds18b20_read();
  31   2                      t_dot=dot*0.625*100;
  32   2                      cp=0;
  33   2              }
  34   1      }
  35          void display()
  36          {
  37   1              uchar x,k,m,n;
  38   1              P0 = 0xff;
  39   1              P36 = 0;
  40   1              if(key_flag==0)
  41   1              {
  42   2                      switch(x)
  43   2                      {
  44   3                              case 0:P2=0xc0;P0=0x01;P2=0xe0;P0=seven_seg[hour/10];break;
  45   3                              case 1:P2=0xc0;P0=0x02;P2=0xe0;P0=seven_seg[hour%10];break;
  46   3                              case 2:P2=0xc0;P0=0x04;P2=0xe0;P0=0xbf | flash;break;
  47   3                              case 3:P2=0xc0;P0=0x08;P2=0xe0;P0=seven_seg[min/10];break;
  48   3                              case 4:P2=0xc0;P0=0x10;P2=0xe0;P0=seven_seg[min%10];break;
  49   3                              case 5:P2=0xc0;P0=0x20;P2=0xe0;P0=0xbf | flash;break;
  50   3                              case 6:P2=0xc0;P0=0x40;P2=0xe0;P0=seven_seg[sec/10];break;
  51   3                              case 7:P2=0xc0;P0=0x80;P2=0xe0;P0=seven_seg[sec%10];break;
  52   3                      }
  53   2                      x++;
  54   2                      if(x>7){x=0;}
  55   2              }
C51 COMPILER V9.00   MAIN                                                                  04/15/2022 10:21:44 PAGE 2   

  56   1              if(key_flag==1)
  57   1              {
  58   2                      switch(k)
  59   2                      {
  60   3                              case 0:P2=0xc0;P0=0x80;P2=0xe0;P0=seven_seg[t_dot/10%10];break;
  61   3                              case 1:P2=0xc0;P0=0x40;P2=0xe0;P0=seven_seg[t_dot%10];break;
  62   3                              case 2:P2=0xc0;P0=0x20;P2=0xe0;P0=seven_seg[t%10]& 0x7f ;break;
  63   3                              case 3:P2=0xc0;P0=0x10;P2=0xe0;P0=seven_seg[t/10];break;
  64   3                              case 4:P2=0xc0;P0=0x01;P2=0xe0;P0=0xc6;break;   
  65   3                      }
  66   2                      k++;
  67   2                      if(k>4){k=0;}
  68   2              }
  69   1              if(key_flag==2)                                         //滑动变阻器输出电压，需要用直接添加。
  70   1              {
  71   2                      switch(m)
  72   2                      {
  73   3                              case 0:P2=0xc0;P0=0x80;P2=0xe0;P0=seven_seg[sr%10];break;
  74   3                              case 1:P2=0xc0;P0=0x40;P2=0xe0;P0=seven_seg[sr/10%10];break;
  75   3                              case 2:P2=0xc0;P0=0x20;P2=0xe0;P0=seven_seg[sr/100] & 0x7f;break;
  76   3                              case 3:P2=0xc0;P0=0x01;P2=0xe0;P0=0xc1;break;   
  77   3                      }
  78   2                      m++;
  79   2                      if(m>3){m=0;}   
  80   2              }
  81   1              if(key_flag==3)                                  
  82   1              {
  83   2                      switch(n)
  84   2                      {
  85   3                              case 0:P2=0xc0;P0=0x80;P2=0xe0;P0=seven_seg[ns%10];break;
  86   3                              case 1:P2=0xc0;P0=0x40;P2=0xe0;P0=seven_seg[ns/10];break;
  87   3                      }
  88   2                      n++;
  89   2                      if(n>2){n=0;}   
  90   2              }
  91   1      }
  92          void stc_init()
  93          {
  94   1              P2=0xa0;
  95   1              P0=0x00;
  96   1              P2=0x00;
  97   1              P0=0xff;
  98   1      }
  99          void eeprom_read1()
 100          {
 101   1              if(t>=30)
 102   1              {
 103   2                      eeprom_writer(1,t);
 104   2                      ns=eeprom_read(1);
 105   2              }
 106   1      }                                                                
 107          void main()
 108          {       
 109   1              stc_init();
 110   1              timer0_init();
 111   1              ds1302_init();
 112   1              write_cz1302(); 
 113   1              while(1)
 114   1              {
 115   2                      sr=adc_read(1);   //光敏电阻与滑动变阻器两者不能同时添加
 116   2              //      sr=adc_read(3);         //滑动变阻器
 117   2                      get_1302();
C51 COMPILER V9.00   MAIN                                                                  04/15/2022 10:21:44 PAGE 3   

 118   2                      display();
 119   2                      eeprom_read1();
 120   2                      key_scan();
 121   2                      dac_writer(255);                        
 122   2              }
 123   1      }


MODULE INFORMATION:   STATIC OVERLAYABLE
   CODE SIZE        =   1837    ----
   CONSTANT SIZE    =   ----    ----
   XDATA SIZE       =     28       4
   PDATA SIZE       =   ----    ----
   DATA SIZE        =   ----    ----
   IDATA SIZE       =   ----    ----
   BIT SIZE         =   ----       1
END OF MODULE INFORMATION.


C51 COMPILATION COMPLETE.  0 WARNING(S),  0 ERROR(S)
